// Jest Snapshot v1, https://goo.gl/fbAQLP

exports[`<CEArrow />: snapshots tree snapshots match 1`] = `
<div
  className="sc-AxiKw hQHhPG"
>
  <div
    className="sc-AxhCb fGhDwl"
  />
</div>
`;
