// Jest Snapshot v1, https://goo.gl/fbAQLP

exports[`<CEModalList /> tree snapshots match 1`] = `
<div
  className="sc-fzplWN eTEdGz"
  id="test-modal"
>
  <a
    className="sc-fznZeY dKDDpj"
    onClick={[Function]}
  >
    close
  </a>
  <div
    className="sc-fznyAO hwqMjk"
  />
</div>
`;
