// Jest Snapshot v1, https://goo.gl/fbAQLP

exports[`<CESwapButton /> tree snapshots match 1`] = `
<button
  className="sc-fzozJi mvuNo"
>
  <div>
    ↓
  </div>
  <div>
    ↑
  </div>
</button>
`;
